;;;*FLANGE DATA TO SABS 1123 600
;;;*-------------------------------------------------------------------------------
;;;*OD X PCD X No HOLES X HOLE SIZE X THICKNESS X RAISED FLANGE DIA X RAISED HEIGHT
;;;*-------------------------------------------------------------------------------
*15NBSABS600
80,55,4,11,10,40,2
*20NBSABS600
90,65,4,11,10,50,2
*25NBSABS600
100,75,4,11,10,60,2
*32NBSABS600
120,90,4,14,10,70,2
*40NBSABS600
130,100,4,14,10,80,3
*50NBSABS600
140,110,4,14,10,90,3
*65NBSABS600
160,130,4,14,10,110,3
*80NBSABS600
190,150,4,18,10,128,3
*100NBSABS600
210,170,4,18,10,148,3
*125NBSABS600
240,200,8,18,12,178,3
*150NBSABS600
265,225,8,18,12,202,3
*200NBSABS600
320,280,8,18,14,258,3
*250NBSABS600
375,335,12,18,16,312,3
*300NBSABS600
440,395,12,22,20,365,4
*350NBSABS600
490,445,12,22,22,415,4
*400NBSABS600
540,495,16,22,22,465,4
*450NBSABS600
595,550,16,22,25,520,4
*500NBSABS600
645,600,20,22,25,570,4
*550NBSABS600
705,655,20,26,28,620,5
*600NBSABS600
755,705,20,26,30,670,5
;;;*FLANGE DATA TO SABS 1123 1000
;;;*-------------------------------------------------------------------------------
;;;*OD X PCD X No HOLES X HOLE SIZE X THICKNESS X RAISED FLANGE DIA X RAISED HEIGHT
;;;*-------------------------------------------------------------------------------
*15NBSABS1000
95,65,4,14,10,45,2
*20NBSABS1000
105,75,4,14,10,58,2
*25NBSABS1000
115,85,4,14,10,68,2
*32NBSABS1000
140,100,4,18,10,78,2
*40NBSABS1000
150,110,4,18,10,88,3
*50NBSABS1000
165,125,4,18,10,102,3
*65NBSABS1000
185,145,4,18,12,122,3
*80NBSABS1000
200,160,8,18,12,138,3
*100NBSABS1000
220,180,8,18,12,158,3
*125NBSABS1000
250,210,8,18,14,188,3
*150NBSABS1000
285,240,8,22,16,212,3
*200NBSABS1000
340,295,8,22,18,268,3
*250NBSABS1000
395,350,12,22,20,320,3
*300NBSABS1000
445,400,12,22,22,370,4
*350NBSABS1000
505,460,16,22,25,430,4
*400NBSABS1000
565,515,16,26,25,482,4
*450NBSABS1000
615,565,20,26,30,532,4
*500NBSABS1000
670,620,20,26,32,585,4
*550NBSABS1000
730,675,20,26,35,635,5
*600NBSABS1000
780,725,20,26,38,685,5
;;;*FLANGE DATA TO SABS 1123 1600
;;;*-------------------------------------------------------------------------------
;;;*OD X PCD X No HOLES X HOLE SIZE X THICKNESS X RAISED FLANGE DIA X RAISED HEIGHT
;;;*-------------------------------------------------------------------------------
*15NBSABS1600
95,65,4,14,10,45,2
*20NBSABS1600
105,75,4,14,10,58,2
*25NBSABS1600
115,85,4,14,10,68,2
*32NBSABS1600
140,100,4,18,10,78,2
*40NBSABS1600
150,110,4,18,10,88,3
*50NBSABS1600
165,125,4,18,12,102,3
*65NBSABS1600
185,145,4,18,12,122,3
*80NBSABS1600
200,160,8,18,14,138,3
*100NBSABS1600
220,180,8,18,14,158,3
*125NBSABS1600
250,210,8,18,16,188,3
*150NBSABS1600
285,240,8,22,18,212,3
*200NBSABS1600
340,295,12,22,22,268,3
*250NBSABS1600
405,355,12,26,25,320,3
*300NBSABS1600
460,410,12,26,28,378,4
*350NBSABS1600
520,470,16,26,30,438,4
*400NBSABS1600
580,525,16,26,35,490,4
*450NBSABS1600
640,585,20,26,40,550,4
*500NBSABS1600
715,650,20,33,40,610,4
*550NBSABS1600
775,710,20,33,0,670,5
*600NBSABS1600
840,770,20,33,50,725,5
;;;*FLANGE DATA TO SABS 1123 2500
;;;*-------------------------------------------------------------------------------
;;;*OD X PCD X No HOLES X HOLE SIZE X THICKNESS X RAISED FLANGE DIA X RAISED HEIGHT
;;;*-------------------------------------------------------------------------------
*15NBSABS2500
95,65,4,14,14,45,2
*20NBSABS2500
105,75,4,14,14,58,2
*25NBSABS2500
115,85,4,14,16,68,2
*32NBSABS2500
140,100,4,18,18,78,2
*40NBSABS2500
150,110,4,18,20,88,3
*50NBSABS2500
165,125,4,18,20,102,3
*65NBSABS2500
185,145,8,18,22,122,3
*80NBSABS2500
200,160,8,18,22,138,3
*100NBSABS2500
235,190,8,22,25,162,3
*125NBSABS2500
270,220,8,26,28,188,3
*150NBSABS2500
300,250,8,26,30,218,3
*200NBSABS2500
360,310,12,26,28,278,3
*250NBSABS2500
425,370,12,26,30,335,3
*300NBSABS2500
485,430,16,26,32,395,4
*350NBSABS2500
555,490,16,33,35,450,4
*400NBSABS2500
620,550,16,33,40,505,4
*450NBSABS2500
670,600,20,33,45,555,4
*500NBSABS2500
730,660,20,33,50,615,4
*550NBSABS2500
785,710,20,39,55,670,5
*600NBSABS2500
845,770,20,39,60,720,5
;;;*FLANGE DATA TO BS 4504 TABLE 6
;;;;*-------------------------------------------------------------------------------
;;;*OD X PCD X No HOLES X HOLE SIZE X THICKNESS X RAISED FLANGE DIA X RAISED HEIGHT
;;;*-------------------------------------------------------------------------------
*15NBBS6
80,55,4,11,12,40,2
*20NBBS6
90,65,4,11,14,50,2
*25NBBS6
100,75,4,11,14,60,2
*32NBBS6
120,90,4,14,16,70,2
*40NBBS6
130,100,4,14,16,80,3
*50NBBS6
140,110,4,14,16,90,3
*65NBBS6
160,130,4,14,16,110,3
*80NBBS6
190,150,4,18,18,128,3
*100NBBS6
210,170,4,18,18,148,3
*125NBBS6
240,200,8,18,20,178,3
*150NBBS6
265,225,8,18,20,202,3
*200NBBS6
320,280,8,18,22,258,3
*250NBBS6
375,335,12,18,24,312,3
*300NBBS6
440,395,12,22,24,365,4
*350NBBS6
490,445,12,22,26,415,4
*400NBBS6
540,495,16,22,28,465,4
*450NBBS6
595,550,16,22,30,520,4
*500NBBS6
645,600,20,22,30,570,4
*600NBBS6
755,705,20,26,32,670,5
;;;*FLANGE DATA TO BS 4504 TABLE 10
;;;;*-------------------------------------------------------------------------------
;;;*OD X PCD X No HOLES X HOLE SIZE X THICKNESS X RAISED FLANGE DIA X RAISED HEIGHT
;;;*-------------------------------------------------------------------------------
*15NBBS10
95,65,4,14,14,45,2
*20NBBS10
105,75,4,14,16,58,2
*25NBBS10
115,85,4,14,16,68,2
*32NBBS10
140,100,4,18,16,78,2
*40NBBS10
150,110,4,18,16,88,3
*50NBBS10
165,125,4,18,18,102,3
*65NBBS10
185,145,4,18,18,122,3
*80NBBS10
200,160,8,18,20,138,3
*100NBBS10
220,180,8,18,20,158,3
*125NBBS10
250,210,8,18,22,188,3
*150NBBS10
285,240,8,22,22,212,3
*200NBBS10
340,295,8,22,24,268,3
*250NBBS10
395,350,12,22,26,320,3
*300NBBS10
445,400,12,22,26,370,4
*350NBBS10
505,460,16,22,28,430,4
*400NBBS10
565,515,16,26,32,482,4
*450NBBS10
615,565,20,26,36,532,4
*500NBBS10
670,620,20,26,38,585,4
*600NBBS10
780,725,20,30,42,685,5
;;;*FLANGE DATA TO BS 4504 TABLE 16
;;;*-------------------------------------------------------------------------------
;;;*OD X PCD X No HOLES X HOLE SIZE X THICKNESS X RAISED FLANGE DIA X RAISED HEIGHT
;;;*-------------------------------------------------------------------------------
*15NBBS16
95,65,4,14,14,45,2
*20NBBS16
105,75,4,14,16,58,2
*25NBBS16
115,85,4,14,16,68,2
*32NBBS16
140,100,4,18,16,78,2
*40NBBS16
150,110,4,18,16,88,3
*50NBBS16
165,125,4,18,18,102,3
*65NBBS16
185,145,4,18,18,122,3
*80NBBS16
200,160,8,18,20,138,3
*100NBBS16
220,180,8,18,20,158,3
*125NBBS16
250,210,8,18,22,188,3
*150NBBS16
285,240,8,22,22,212,3
*200NBBS16
340,295,12,22,24,268,3
*250NBBS16
405,355,12,26,26,320,3
*300NBBS16
460,410,12,26,28,378,4
*350NBBS16
520,470,16,26,32,438,4
*400NBBS16
580,525,16,30,36,490,4
*450NBBS16
640,585,20,30,40,550,4
*500NBBS16
715,650,20,33,44,610,4
*600NBBS16
840,770,20,36,52,725,5
;;;*FLANGE DATA TO BS 4504 TABLE 25
;;;*-------------------------------------------------------------------------------
;;;*OD X PCD X No HOLES X HOLE SIZE X THICKNESS X RAISED FLANGE DIA X RAISED HEIGHT
;;;*-------------------------------------------------------------------------------
*15NBBS25
95,65,4,14,16,45,2
*20NBBS25
105,75,4,14,18,58,2
*25NBBS25
115,85,4,14,18,68,2
*32NBBS25
140,100,4,18,18,78,2
*40NBBS25
150,110,4,18,20,88,3
*50NBBS25
165,125,4,18,20,102,3
*65NBBS25
185,145,8,18,22,122,3
*80NBBS25
200,160,8,18,24,138,3
*100NBBS25
235,190,8,22,26,162,3
*125NBBS25
270,220,8,26,28,188,3
*150NBBS25
300,250,8,26,30,218,3
*200NBBS25
360,310,12,26,28,278,3
*250NBBS25
425,370,12,30,32,335,3
*300NBBS25
485,430,16,30,38,395,4
*350NBBS25
555,490,16,33,42,450,4
*400NBBS25
620,550,16,36,46,505,4
*450NBBS25
670,600,20,36,52,555,4
*500NBBS25
730,660,20,36,58,615,4
*600NBBS25
845,770,20,39,66,720,5
;;*FLANGE DATA TO ANSI B16.5 #150
;;;*---------------------------------
;;;*OD X PCD X No HOLES X HOLE SIZE
;;;*-------------------------------------
*15NB#150
89,60,4,16
*20NB#150
98,70,4,16
*25NB#150
108,79,4,16
*32NB#150
118,89,4,16
*40NB#150
127,98,4,16
*50NB#150
152,121,4,19
*65NB#150
178,140,4,19
*80NB#150
191,152,4,19
*90NB#150
216,178,8,19
*100NB#150
229,191,8,19
*125NB#150
254,216,8,22
*150NB#150
279,241,8,22
*200NB#150
343,298,8,22
*250NB#150
406,362,12,25
*300NB#150
483,432,12,25
*350NB#150
533,476,12,29
*400NB#150
597,540,16,29
*450NB#150
635,578,16,32
*500NB#150
699,635,20,32
*600NB#150
813,749,20,35
;;*FLANGE DATA TO ANSI B16.5 #300
;;;*---------------------------------
;;;*OD X PCD X No HOLES X HOLE SIZE
;;;*-------------------------------------
*15NB#300
95,67,4,16
*20NB#300
118,83,4,19
*25NB#300
124,89,4,19
*32NB#300
133,98,4,19
*40NB#300
156,114,4,22
*50NB#300
165,127,8,19
*65NB#300
191,149,8,22
*80NB#300
210,168,8,22
*90NB#300
229,184,8,22
*100NB#300
254,200,8,22
*125NB#300
279,235,8,22
*150NB#300
318,270,12,22
*200NB#300
381,330,12,25
*250NB#300
445,387,16,29
*300NB#300
521,451,16,32
*350NB#300
584,514,20,32
*400NB#300
647,572,20,35
*450NB#300
711,629,24,35
*500NB#300
775,686,24,35
*550NB#400
838,743,24,41
*600NB#300
914,813,24,41
;;*FLANGE DATA TO ANSI B16.5 #400
;;;*---------------------------------
;;;*OD X PCD X No HOLES X HOLE SIZE
;;;*-------------------------------------
*15NB#400
95,67,4,16
*20NB#400
118,83,4,19
*25NB#400
124,89,4,19
*32NB#400
133,98,4,19
*40NB#400
156,114,4,22
*50NB#400
165,127,8,19
*65NB#400
191,149,8,22
*80NB#400
210,168,8,22
*90NB#400
229,184,8,25
*100NB#400
254,200,8,25
*125NB#400
279,235,8,25
*150NB#400
318,270,12,25
*200NB#400
381,330,12,29
*250NB#400
445,387,16,32
*300NB#400
521,451,16,35
*350NB#400
584,514,20,35
*400NB#400
647,572,20,38
*450NB#400
711,629,24,38
*500NB#400
775,686,24,41
*550NB#400
838,743,24,44
*600NB#400
914,813,24,48
;;*FLANGE DATA TO ANSI B16.5 #600
;;;*---------------------------------
;;;*OD X PCD X No HOLES X HOLE SIZE
;;;*-------------------------------------
*15NB#600
95,67,4,16
*20NB#600
118,83,4,19
*25NB#600
124,89,4,19
*32NB#600
133,98,4,19
*40NB#600
156,114,4,22
*50NB#600
165,127,8,19
*65NB#600
191,149,8,22
*80NB#600
210,168,8,22
*90NB#600
229,184,8,25
*100NB#600
273,216,8,25
*125NB#600
330,267,8,29
*150NB#600
356,292,12,29
*200NB#600
419,349,12,32
*250NB#600
508,431,16,34
*300NB#600
559,489,20,35
*350NB#600
603,527,20,38
*400NB#600
686,603,20,41
*450NB#600
742,654,20,44
*500NB#600
813,724,24,44
*550NB#600
870,778,24,48
*600NB#600
940,838,24,51
;;;*FLANGE DATA TO AS TABLE D
;;;*-------------------------------------------
;;;*OD X PCD X No HOLES X HOLE SIZE X THICKNESS
;;;*-------------------------------------------
*15NBASD
95,67,4,14,12
*20NBASD
100,73,4,14,12
*25NBASD
115,83,4,14,12
*32NBASD
120,87,4,14,12
*40NBASD
135,98,4,14,12
*50NBASD
150,114,4,18,12
*65NBASD
165,127,4,18,12
*80NBASD
185,146,4,18,12
*90NBASD
205,165,4,18,12
*100NBASD
215,178,4,18,12
*125NBASD
255,210,8,18,13
*150NBASD
280,235,8,18,13
*200NBASD
335,292,8,18,13
*250NBASD
405,356,8,22,16
*300NBASD
455,406,12,22,19
*350NBASD
525,470,12,26,22
*375NBASD
550,495,12,26,22
*400NBASD
580,521,12,26,22
*450NBASD
640,584,12,26,25
*500NBASD
705,641,16,26,29
*550NBASD
760,699,16,30,29
*600NBASD
825,756,16,30,32
;;;*FLANGE DATA TO AS TABLE E
;;;*-------------------------------------------
;;;*OD X PCD X No HOLES X HOLE SIZE X THICKNESS
;;;*-------------------------------------------
*15NBASE
95,67,4,14,12
*20NBASE
100,73,4,14,12
*25NBASE
115,83,4,14,12
*32NBASE
120,87,4,14,12
*40NBASE
135,98,4,14,12
*50NBASE
150,114,4,18,12
*65NBASE
165,127,4,18,12
*80NBASE
185,146,4,18,12
*90NBASE
205,165,8,18,12
*100NBASE
215,178,8,18,13
*125NBASE
255,210,8,18,14
*150NBASE
280,235,8,22,17
*200NBASE
335,292,8,22,19
*250NBASE
405,356,12,22,22
*300NBASE
455,406,12,26,25
*350NBASE
525,470,12,26,29
*375NBASE
550,495,12,26,32
*400NBASE
580,521,12,26,32
*450NBASE
640,584,16,26,35
*500NBASE
705,641,16,26,38
*550NBASE
760,699,16,30,44
*600NBASE
825,756,16,33,48
;;;*FLANGE DATA TO AS TABLE F
;;;*-------------------------------------------
;;;*OD X PCD X No HOLES X HOLE SIZE X THICKNESS
;;;*-------------------------------------------
*15NBASF
95,67,4,14,12
*20NBASF
100,73,4,14,12
*25NBASF
120,87,4,18,12
*32NBASF
135,98,4,18,13
*40NBASF
140,105,4,18,13
*50NBASF
165,127,4,18,16
*65NBASF
185,146,8,18,16
*80NBASF
205,165,8,18,16
*90NBASF
215,178,8,18,19
*100NBASF
230,191,8,18,19
*125NBASF
280,235,8,22,22
*150NBASF
305,260,12,22,22
*200NBASF
370,324,12,22,25
*250NBASF
430,381,12,26,29
*300NBASF
490,438,16,26,32
*350NBASF
550,495,16,30,35
*375NBASF
580,521,16,30,38
*400NBASF
610,552,20,30,41
*450NBASF
675,610,20,33,44
*500NBASF
735,673,24,33,51
*550NBASF
785,724,24,33,54
*600NBASF
850,781,24,36,57
;;;*FLANGE DATA TO AS TABLE H
;;;*-------------------------------------------
;;;*OD X PCD X No HOLES X HOLE SIZE X THICKNESS
;;;*-------------------------------------------
*15NBASH
115,83,4,18,13
*20NBASH
115,83,4,18,13
*25NBASH
120,87,4,18,14
*32NBASH
135,98,4,18,17
*40NBASH
140,105,4,18,17
*50NBASH
165,127,4,18,19
*65NBASH
185,146,8,18,19
*80NBASH
205,165,8,18,22
*90NBASH
215,178,8,18,22
*100NBASH
230,191,8,18,25
*125NBASH
280,235,8,22,29
*150NBASH
305,260,12,22,29
*200NBASH
370,324,12,22,32
*250NBASH
430,381,12,26,35
*300NBASH
490,438,16,26,41
*350NBASH
550,495,16,30,48
*375NBASH
580,521,16,30,51
*400NBASH
610,552,20,30,54
*450NBASH
675,610,20,33,60
*500NBASH
735,673,24,33,67
*550NBASH
785,724,24,33,7
*600NBASH
850,781,24,36,76
